// Jest Snapshot v1, https://goo.gl/fbAQLP

exports[`renders correctly 1`] = `
.c1 {
  border-color: currentColor;
  border-style: solid;
  border-width: 0.15em 0.15em 0 0;
  box-sizing: border-box;
  display: inline-block;
  height: 0.45em;
  left: -0.15em;
  position: relative;
  top: -0.1em;
  -webkit-transform: rotate(45deg);
  -ms-transform: rotate(45deg);
  transform: rotate(45deg);
  width: 0.45em;
}

.c3 {
  color: #b61b28;
  font-size: 1em;
  left: 0;
  position: relative;
  -webkit-transition: all 150ms ease-in-out;
  transition: all 150ms ease-in-out;
}

.c0 {
  border-bottom: none;
  color: #171717;
  cursor: pointer;
  font-family: 'Ringside Regular A','Ringside Regular B','Helvetica',sans-serif;
  font-size: 18px;
  font-weight: bold;
  -webkit-text-decoration: none;
  text-decoration: none;
}

.c0:hover,
.c0:focus {
  background: none;
  border-bottom: none;
}

.c0:hover .c2,
.c0:focus .c2 {
  left: 0.5em;
}

.c0:active {
  background: none;
  border-bottom: none;
}

.c4 {
  background: linear-gradient(to bottom,transparent 0%,transparent 65%,#b7e4cf 65%,#b7e4cf 100%);
  border-bottom: none;
  color: #171717;
  cursor: pointer;
  font-family: 'Ringside Regular A','Ringside Regular B','Helvetica',sans-serif;
  font-size: 18px;
  font-weight: bold;
  -webkit-text-decoration: none;
  text-decoration: none;
}

.c4:hover,
.c4:focus {
  background: none;
  border-bottom: none;
}

.c4:hover .c2,
.c4:focus .c2 {
  left: 0.5em;
}

.c4:active {
  background: none;
  border-bottom: 2px solid #b7e4cf;
}

.c5 {
  border-bottom: 2px solid #b7e4cf;
  color: #171717;
  cursor: pointer;
  font-family: 'Ringside Regular A','Ringside Regular B','Helvetica',sans-serif;
  font-size: 18px;
  font-weight: bold;
  -webkit-text-decoration: none;
  text-decoration: none;
}

.c5:hover,
.c5:focus {
  background: none;
  border-bottom: 2px solid #171717;
}

.c5:hover .c2,
.c5:focus .c2 {
  left: 0.5em;
}

.c5:active {
  background: none;
  border-bottom: none;
}

<div>
  <p>
    <a
      className="c0"
      href="#"
    >
      Primary
       
      Link Style
       
      <span
        className="c1 c2 c3"
        color="currentColor"
        direction="right"
      />
    </a>
  </p>
  <p>
    <a
      className="c4"
      href="#"
    >
      Secondary
       
      Link Style
    </a>
  </p>
  <p>
    <a
      className="c5"
      href="#"
    >
      Tertiary
       
      Link Style
    </a>
  </p>
</div>
`;
